{
  "target_races": 627,
  "market_rows": 627,
  "market_usable_races": 624,
  "fetch_errors": [],
  "named_fixed_rank": [
    {
      "bets": 627,
      "hits": 23,
      "hit_rate": 3.668261562998405,
      "roi": 174.65709728867623,
      "profit": 46810.0,
      "maxdd": 9000.0,
      "l1": 133.64217252396165,
      "l2": 109.744,
      "largest": 25850.0,
      "aug_roi": 175.35269709543567,
      "aug_bets": 482,
      "sep_roi": 172.3448275862069,
      "sep_bets": 145,
      "sep_l1": 104.23611111111111,
      "family": "fixed_ranks",
      "ranks": "10",
      "min_odds": null,
      "max_odds": null,
      "ev_min": null,
      "ev_max": null
    },
    {
      "bets": 1254,
      "hits": 45,
      "hit_rate": 3.588516746411483,
      "roi": 126.21212121212122,
      "profit": 32870.0,
      "maxdd": 17960.0,
      "l1": 105.68236233040702,
      "l2": 93.73003194888179,
      "largest": 25850.0,
      "aug_roi": 130.22821576763485,
      "aug_bets": 964,
      "sep_roi": 112.86206896551724,
      "sep_bets": 290,
      "sep_l1": 78.719723183391,
      "family": "fixed_ranks",
      "ranks": "3,10",
      "min_odds": null,
      "max_odds": null,
      "ev_min": null,
      "ev_max": null
    },
    {
      "bets": 1881,
      "hits": 57,
      "hit_rate": 3.0303030303030303,
      "roi": 121.98830409356725,
      "profit": 41360.0,
      "maxdd": 21470.0,
      "l1": 108.30319148936171,
      "l2": 95.8169238956892,
      "largest": 25850.0,
      "aug_roi": 136.05117565698478,
      "aug_bets": 1446,
      "sep_roi": 75.24137931034483,
      "sep_bets": 435,
      "sep_l1": 52.41935483870968,
      "family": "fixed_ranks",
      "ranks": "3,9,10",
      "min_odds": null,
      "max_odds": null,
      "ev_min": null,
      "ev_max": null
    },
    {
      "bets": 1881,
      "hits": 82,
      "hit_rate": 4.359383306751727,
      "roi": 117.70334928229666,
      "profit": 33300.0,
      "maxdd": 19690.0,
      "l1": 102.55319148936171,
      "l2": 88.850452368281,
      "largest": 28600.0,
      "aug_roi": 124.60580912863071,
      "aug_bets": 1446,
      "sep_roi": 94.75862068965517,
      "sep_bets": 435,
      "sep_l1": 71.9815668202765,
      "family": "fixed_ranks",
      "ranks": "5,7,10",
      "min_odds": null,
      "max_odds": null,
      "ev_min": null,
      "ev_max": null
    },
    {
      "bets": 1881,
      "hits": 65,
      "hit_rate": 3.4556087187666136,
      "roi": 110.86656034024455,
      "profit": 20440.0,
      "maxdd": 20770.0,
      "l1": 97.17553191489361,
      "l2": 88.53645556146887,
      "largest": 25850.0,
      "aug_roi": 110.97510373443983,
      "aug_bets": 1446,
      "sep_roi": 110.50574712643679,
      "sep_bets": 435,
      "sep_l1": 74.81566820276498,
      "family": "fixed_ranks",
      "ranks": "4,7,10",
      "min_odds": null,
      "max_odds": null,
      "ev_min": null,
      "ev_max": null
    }
  ],
  "robust_exploratory_count": 1879,
  "robust_exploratory_top20": [
    {
      "bets": 57,
      "hits": 3,
      "hit_rate": 5.2631578947368425,
      "roi": 665.0877192982456,
      "profit": 32210.0,
      "maxdd": 3200.0,
      "l1": 385.35714285714283,
      "l2": 108.72727272727273,
      "largest": 16330.0,
      "aug_roi": 507.04545454545456,
      "aug_bets": 44,
      "sep_roi": 1200.0,
      "sep_bets": 13,
      "sep_l1": 0.0,
      "family": "market_filter",
      "ranks": "4",
      "min_odds": 100,
      "max_odds": 200,
      "ev_min": null,
      "ev_max": 6
    },
    {
      "bets": 61,
      "hits": 3,
      "hit_rate": 4.918032786885246,
      "roi": 621.4754098360655,
      "profit": 31810.0,
      "maxdd": 3400.0,
      "l1": 359.6666666666667,
      "l2": 101.35593220338983,
      "largest": 16330.0,
      "aug_roi": 474.6808510638298,
      "aug_bets": 47,
      "sep_roi": 1114.2857142857142,
      "sep_bets": 14,
      "sep_l1": 0.0,
      "family": "market_filter",
      "ranks": "4",
      "min_odds": 100,
      "max_odds": 300,
      "ev_min": null,
      "ev_max": 6
    },
    {
      "bets": 61,
      "hits": 3,
      "hit_rate": 4.918032786885246,
      "roi": 621.4754098360655,
      "profit": 31810.0,
      "maxdd": 3400.0,
      "l1": 359.6666666666667,
      "l2": 101.35593220338983,
      "largest": 16330.0,
      "aug_roi": 474.6808510638298,
      "aug_bets": 47,
      "sep_roi": 1114.2857142857142,
      "sep_bets": 14,
      "sep_l1": 0.0,
      "family": "market_filter",
      "ranks": "4",
      "min_odds": 100,
      "max_odds": 500,
      "ev_min": null,
      "ev_max": 6
    },
    {
      "bets": 61,
      "hits": 3,
      "hit_rate": 4.918032786885246,
      "roi": 621.4754098360655,
      "profit": 31810.0,
      "maxdd": 3400.0,
      "l1": 359.6666666666667,
      "l2": 101.35593220338983,
      "largest": 16330.0,
      "aug_roi": 474.6808510638298,
      "aug_bets": 47,
      "sep_roi": 1114.2857142857142,
      "sep_bets": 14,
      "sep_l1": 0.0,
      "family": "market_filter",
      "ranks": "4",
      "min_odds": 100,
      "max_odds": null,
      "ev_min": null,
      "ev_max": 6
    },
    {
      "bets": 197,
      "hits": 7,
      "hit_rate": 3.553299492385787,
      "roi": 471.4720812182741,
      "profit": 73180.0,
      "maxdd": 4500.0,
      "l1": 341.98979591836735,
      "l2": 260.0,
      "largest": 25850.0,
      "aug_roi": 511.7880794701987,
      "aug_bets": 151,
      "sep_roi": 339.1304347826087,
      "sep_bets": 46,
      "sep_l1": 0.0,
      "family": "market_filter",
      "ranks": "4,7,10",
      "min_odds": 100,
      "max_odds": 200,
      "ev_min": null,
      "ev_max": 5
    },
    {
      "bets": 220,
      "hits": 7,
      "hit_rate": 3.1818181818181817,
      "roi": 422.1818181818182,
      "profit": 70880.0,
      "maxdd": 5100.0,
      "l1": 306.0730593607306,
      "l2": 232.56880733944953,
      "largest": 25850.0,
      "aug_roi": 446.70520231213874,
      "aug_bets": 173,
      "sep_roi": 331.9148936170213,
      "sep_bets": 47,
      "sep_l1": 0.0,
      "family": "market_filter",
      "ranks": "4,7,10",
      "min_odds": 100,
      "max_odds": 300,
      "ev_min": null,
      "ev_max": 5
    },
    {
      "bets": 221,
      "hits": 7,
      "hit_rate": 3.167420814479638,
      "roi": 420.27149321266967,
      "profit": 70780.0,
      "maxdd": 5100.0,
      "l1": 304.6818181818182,
      "l2": 231.5068493150685,
      "largest": 25850.0,
      "aug_roi": 444.13793103448273,
      "aug_bets": 174,
      "sep_roi": 331.9148936170213,
      "sep_bets": 47,
      "sep_l1": 0.0,
      "family": "market_filter",
      "ranks": "4,7,10",
      "min_odds": 100,
      "max_odds": 500,
      "ev_min": null,
      "ev_max": 5
    },
    {
      "bets": 221,
      "hits": 7,
      "hit_rate": 3.167420814479638,
      "roi": 420.27149321266967,
      "profit": 70780.0,
      "maxdd": 5100.0,
      "l1": 304.6818181818182,
      "l2": 231.5068493150685,
      "largest": 25850.0,
      "aug_roi": 444.13793103448273,
      "aug_bets": 174,
      "sep_roi": 331.9148936170213,
      "sep_bets": 47,
      "sep_l1": 0.0,
      "family": "market_filter",
      "ranks": "4,7,10",
      "min_odds": 100,
      "max_odds": null,
      "ev_min": null,
      "ev_max": 5
    },
    {
      "bets": 92,
      "hits": 4,
      "hit_rate": 4.3478260869565215,
      "roi": 477.0652173913044,
      "profit": 34690.0,
      "maxdd": 5800.0,
      "l1": 302.85714285714283,
      "l2": 132.88888888888889,
      "largest": 16330.0,
      "aug_roi": 416.02941176470586,
      "aug_bets": 68,
      "sep_roi": 650.0,
      "sep_bets": 24,
      "sep_l1": 0.0,
      "family": "market_filter",
      "ranks": "4",
      "min_odds": 75,
      "max_odds": 200,
      "ev_min": null,
      "ev_max": 5
    },
    {
      "bets": 92,
      "hits": 4,
      "hit_rate": 4.3478260869565215,
      "roi": 477.0652173913044,
      "profit": 34690.0,
      "maxdd": 5800.0,
      "l1": 302.85714285714283,
      "l2": 132.88888888888889,
      "largest": 16330.0,
      "aug_roi": 416.02941176470586,
      "aug_bets": 68,
      "sep_roi": 650.0,
      "sep_bets": 24,
      "sep_l1": 0.0,
      "family": "market_filter",
      "ranks": "4",
      "min_odds": 75,
      "max_odds": 300,
      "ev_min": null,
      "ev_max": 5
    },
    {
      "bets": 92,
      "hits": 4,
      "hit_rate": 4.3478260869565215,
      "roi": 477.0652173913044,
      "profit": 34690.0,
      "maxdd": 5800.0,
      "l1": 302.85714285714283,
      "l2": 132.88888888888889,
      "largest": 16330.0,
      "aug_roi": 416.02941176470586,
      "aug_bets": 68,
      "sep_roi": 650.0,
      "sep_bets": 24,
      "sep_l1": 0.0,
      "family": "market_filter",
      "ranks": "4",
      "min_odds": 75,
      "max_odds": 500,
      "ev_min": null,
      "ev_max": 5
    },
    {
      "bets": 92,
      "hits": 4,
      "hit_rate": 4.3478260869565215,
      "roi": 477.0652173913044,
      "profit": 34690.0,
      "maxdd": 5800.0,
      "l1": 302.85714285714283,
      "l2": 132.88888888888889,
      "largest": 16330.0,
      "aug_roi": 416.02941176470586,
      "aug_bets": 68,
      "sep_roi": 650.0,
      "sep_bets": 24,
      "sep_l1": 0.0,
      "family": "market_filter",
      "ranks": "4",
      "min_odds": 75,
      "max_odds": null,
      "ev_min": null,
      "ev_max": 5
    },
    {
      "bets": 75,
      "hits": 3,
      "hit_rate": 4.0,
      "roi": 505.46666666666664,
      "profit": 30410.0,
      "maxdd": 4100.0,
      "l1": 291.6216216216216,
      "l2": 81.91780821917808,
      "largest": 16330.0,
      "aug_roi": 398.39285714285717,
      "aug_bets": 56,
      "sep_roi": 821.0526315789474,
      "sep_bets": 19,
      "sep_l1": 0.0,
      "family": "market_filter",
      "ranks": "4",
      "min_odds": 100,
      "max_odds": 200,
      "ev_min": null,
      "ev_max": 8
    },
    {
      "bets": 79,
      "hits": 3,
      "hit_rate": 3.7974683544303796,
      "roi": 479.873417721519,
      "profit": 30010.0,
      "maxdd": 4100.0,
      "l1": 276.6666666666667,
      "l2": 77.66233766233766,
      "largest": 16330.0,
      "aug_roi": 384.6551724137931,
      "aug_bets": 58,
      "sep_roi": 742.8571428571429,
      "sep_bets": 21,
      "sep_l1": 0.0,
      "family": "market_filter",
      "ranks": "4",
      "min_odds": 100,
      "max_odds": 200,
      "ev_min": null,
      "ev_max": 10
    },
    {
      "bets": 79,
      "hits": 3,
      "hit_rate": 3.7974683544303796,
      "roi": 479.873417721519,
      "profit": 30010.0,
      "maxdd": 4100.0,
      "l1": 276.6666666666667,
      "l2": 77.66233766233766,
      "largest": 16330.0,
      "aug_roi": 384.6551724137931,
      "aug_bets": 58,
      "sep_roi": 742.8571428571429,
      "sep_bets": 21,
      "sep_l1": 0.0,
      "family": "market_filter",
      "ranks": "4",
      "min_odds": 100,
      "max_odds": 200,
      "ev_min": null,
      "ev_max": 15
    },
    {
      "bets": 79,
      "hits": 3,
      "hit_rate": 3.7974683544303796,
      "roi": 479.873417721519,
      "profit": 30010.0,
      "maxdd": 4100.0,
      "l1": 276.6666666666667,
      "l2": 77.66233766233766,
      "largest": 16330.0,
      "aug_roi": 384.6551724137931,
      "aug_bets": 58,
      "sep_roi": 742.8571428571429,
      "sep_bets": 21,
      "sep_l1": 0.0,
      "family": "market_filter",
      "ranks": "4",
      "min_odds": 100,
      "max_odds": 200,
      "ev_min": null,
      "ev_max": 20
    },
    {
      "bets": 79,
      "hits": 3,
      "hit_rate": 3.7974683544303796,
      "roi": 479.873417721519,
      "profit": 30010.0,
      "maxdd": 4100.0,
      "l1": 276.6666666666667,
      "l2": 77.66233766233766,
      "largest": 16330.0,
      "aug_roi": 384.6551724137931,
      "aug_bets": 58,
      "sep_roi": 742.8571428571429,
      "sep_bets": 21,
      "sep_l1": 0.0,
      "family": "market_filter",
      "ranks": "4",
      "min_odds": 100,
      "max_odds": 200,
      "ev_min": null,
      "ev_max": null
    },
    {
      "bets": 250,
      "hits": 7,
      "hit_rate": 2.8,
      "roi": 371.52,
      "profit": 67880.0,
      "maxdd": 5800.0,
      "l1": 269.19678714859435,
      "l2": 204.43548387096774,
      "largest": 25850.0,
      "aug_roi": 408.8888888888889,
      "aug_bets": 189,
      "sep_roi": 255.7377049180328,
      "sep_bets": 61,
      "sep_l1": 0.0,
      "family": "market_filter",
      "ranks": "4,7,10",
      "min_odds": 100,
      "max_odds": 200,
      "ev_min": null,
      "ev_max": 6
    },
    {
      "bets": 111,
      "hits": 4,
      "hit_rate": 3.6036036036036037,
      "roi": 395.4054054054054,
      "profit": 32790.0,
      "maxdd": 6800.0,
      "l1": 250.54545454545453,
      "l2": 109.72477064220183,
      "largest": 16330.0,
      "aug_roi": 340.8433734939759,
      "aug_bets": 83,
      "sep_roi": 557.1428571428571,
      "sep_bets": 28,
      "sep_l1": 0.0,
      "family": "market_filter",
      "ranks": "4",
      "min_odds": 75,
      "max_odds": 200,
      "ev_min": null,
      "ev_max": 6
    },
    {
      "bets": 115,
      "hits": 4,
      "hit_rate": 3.4782608695652173,
      "roi": 381.6521739130435,
      "profit": 32390.0,
      "maxdd": 7000.0,
      "l1": 241.75438596491227,
      "l2": 105.84070796460178,
      "largest": 16330.0,
      "aug_roi": 328.95348837209303,
      "aug_bets": 86,
      "sep_roi": 537.9310344827586,
      "sep_bets": 29,
      "sep_l1": 0.0,
      "family": "market_filter",
      "ranks": "4",
      "min_odds": 75,
      "max_odds": 300,
      "ev_min": null,
      "ev_max": 6
    }
  ],
  "overall_top20_min100bets": [
    {
      "bets": 191,
      "hits": 7,
      "hit_rate": 3.6649214659685865,
      "roi": 569.3717277486911,
      "profit": 89650.0,
      "maxdd": 5700.0,
      "l1": 436.3157894736842,
      "l2": 313.9153439153439,
      "largest": 25850.0,
      "aug_roi": 729.8657718120805,
      "aug_bets": 149,
      "sep_roi": 0.0,
      "sep_bets": 42,
      "sep_l1": 0.0,
      "family": "market_filter",
      "ranks": "9,10",
      "min_odds": 100,
      "max_odds": 200,
      "ev_min": null,
      "ev_max": 5
    },
    {
      "bets": 101,
      "hits": 3,
      "hit_rate": 2.9702970297029703,
      "roi": 532.4752475247525,
      "profit": 43680.0,
      "maxdd": 5500.0,
      "l1": 302.1,
      "l2": 146.36363636363637,
      "largest": 23570.0,
      "aug_roi": 698.4415584415584,
      "aug_bets": 77,
      "sep_roi": 0.0,
      "sep_bets": 24,
      "sep_l1": 0.0,
      "family": "market_filter",
      "ranks": "9",
      "min_odds": 100,
      "max_odds": 300,
      "ev_min": null,
      "ev_max": 5
    },
    {
      "bets": 101,
      "hits": 3,
      "hit_rate": 2.9702970297029703,
      "roi": 532.4752475247525,
      "profit": 43680.0,
      "maxdd": 5500.0,
      "l1": 302.1,
      "l2": 146.36363636363637,
      "largest": 23570.0,
      "aug_roi": 698.4415584415584,
      "aug_bets": 77,
      "sep_roi": 0.0,
      "sep_bets": 24,
      "sep_l1": 0.0,
      "family": "market_filter",
      "ranks": "9",
      "min_odds": 100,
      "max_odds": 500,
      "ev_min": null,
      "ev_max": 5
    },
    {
      "bets": 101,
      "hits": 3,
      "hit_rate": 2.9702970297029703,
      "roi": 532.4752475247525,
      "profit": 43680.0,
      "maxdd": 5500.0,
      "l1": 302.1,
      "l2": 146.36363636363637,
      "largest": 23570.0,
      "aug_roi": 698.4415584415584,
      "aug_bets": 77,
      "sep_roi": 0.0,
      "sep_bets": 24,
      "sep_l1": 0.0,
      "family": "market_filter",
      "ranks": "9",
      "min_odds": 100,
      "max_odds": null,
      "ev_min": null,
      "ev_max": 5
    },
    {
      "bets": 104,
      "hits": 4,
      "hit_rate": 3.8461538461538463,
      "roi": 528.5576923076923,
      "profit": 44570.0,
      "maxdd": 3100.0,
      "l1": 282.71844660194176,
      "l2": 137.7450980392157,
      "largest": 25850.0,
      "aug_roi": 670.3658536585366,
      "aug_bets": 82,
      "sep_roi": 0.0,
      "sep_bets": 22,
      "sep_l1": 0.0,
      "family": "market_filter",
      "ranks": "10",
      "min_odds": 100,
      "max_odds": 200,
      "ev_min": null,
      "ev_max": 5
    },
    {
      "bets": 220,
      "hits": 7,
      "hit_rate": 3.1818181818181817,
      "roi": 494.3181818181818,
      "profit": 86750.0,
      "maxdd": 7000.0,
      "l1": 378.53881278538813,
      "l2": 272.1559633027523,
      "largest": 25850.0,
      "aug_roi": 628.6127167630058,
      "aug_bets": 173,
      "sep_roi": 0.0,
      "sep_bets": 47,
      "sep_l1": 0.0,
      "family": "market_filter",
      "ranks": "9,10",
      "min_odds": 100,
      "max_odds": 300,
      "ev_min": null,
      "ev_max": 5
    },
    {
      "bets": 109,
      "hits": 3,
      "hit_rate": 2.7522935779816513,
      "roi": 493.39449541284404,
      "profit": 42880.0,
      "maxdd": 5900.0,
      "l1": 279.72222222222223,
      "l2": 135.42056074766356,
      "largest": 23570.0,
      "aug_roi": 632.7058823529412,
      "aug_bets": 85,
      "sep_roi": 0.0,
      "sep_bets": 24,
      "sep_l1": 0.0,
      "family": "market_filter",
      "ranks": "9",
      "min_odds": 100,
      "max_odds": 200,
      "ev_min": null,
      "ev_max": 6
    },
    {
      "bets": 221,
      "hits": 7,
      "hit_rate": 3.167420814479638,
      "roi": 492.0814479638009,
      "profit": 86650.0,
      "maxdd": 7000.0,
      "l1": 376.8181818181818,
      "l2": 270.91324200913243,
      "largest": 25850.0,
      "aug_roi": 625.0,
      "aug_bets": 174,
      "sep_roi": 0.0,
      "sep_bets": 47,
      "sep_l1": 0.0,
      "family": "market_filter",
      "ranks": "9,10",
      "min_odds": 100,
      "max_odds": 500,
      "ev_min": null,
      "ev_max": 5
    },
    {
      "bets": 221,
      "hits": 7,
      "hit_rate": 3.167420814479638,
      "roi": 492.0814479638009,
      "profit": 86650.0,
      "maxdd": 7000.0,
      "l1": 376.8181818181818,
      "l2": 270.91324200913243,
      "largest": 25850.0,
      "aug_roi": 625.0,
      "aug_bets": 174,
      "sep_roi": 0.0,
      "sep_bets": 47,
      "sep_l1": 0.0,
      "family": "market_filter",
      "ranks": "9,10",
      "min_odds": 100,
      "max_odds": null,
      "ev_min": null,
      "ev_max": 5
    },
    {
      "bets": 160,
      "hits": 5,
      "hit_rate": 3.125,
      "roi": 489.375,
      "profit": 62300.0,
      "maxdd": 8700.0,
      "l1": 344.2138364779874,
      "l2": 246.8987341772152,
      "largest": 23570.0,
      "aug_roi": 616.5354330708661,
      "aug_bets": 127,
      "sep_roi": 0.0,
      "sep_bets": 33,
      "sep_l1": 0.0,
      "family": "market_filter",
      "ranks": "9,10",
      "min_odds": 100,
      "max_odds": 150,
      "ev_min": null,
      "ev_max": 5
    },
    {
      "bets": 223,
      "hits": 7,
      "hit_rate": 3.1390134529147984,
      "roi": 487.6681614349776,
      "profit": 86450.0,
      "maxdd": 6500.0,
      "l1": 373.4234234234234,
      "l2": 268.46153846153845,
      "largest": 25850.0,
      "aug_roi": 617.8977272727273,
      "aug_bets": 176,
      "sep_roi": 0.0,
      "sep_bets": 47,
      "sep_l1": 0.0,
      "family": "market_filter",
      "ranks": "3,9,10",
      "min_odds": 100,
      "max_odds": 200,
      "ev_min": null,
      "ev_max": 5
    },
    {
      "bets": 129,
      "hits": 4,
      "hit_rate": 3.10077519379845,
      "roi": 474.72868217054264,
      "profit": 48340.0,
      "maxdd": 4500.0,
      "l1": 276.484375,
      "l2": 154.88188976377953,
      "largest": 25850.0,
      "aug_roi": 631.340206185567,
      "aug_bets": 97,
      "sep_roi": 0.0,
      "sep_bets": 32,
      "sep_l1": 0.0,
      "family": "market_filter",
      "ranks": "9,10",
      "min_odds": 100,
      "max_odds": 200,
      "ev_min": null,
      "ev_max": 4
    },
    {
      "bets": 197,
      "hits": 7,
      "hit_rate": 3.553299492385787,
      "roi": 471.4720812182741,
      "profit": 73180.0,
      "maxdd": 4500.0,
      "l1": 341.98979591836735,
      "l2": 260.0,
      "largest": 25850.0,
      "aug_roi": 511.7880794701987,
      "aug_bets": 151,
      "sep_roi": 339.1304347826087,
      "sep_bets": 46,
      "sep_l1": 0.0,
      "family": "market_filter",
      "ranks": "4,7,10",
      "min_odds": 100,
      "max_odds": 200,
      "ev_min": null,
      "ev_max": 5
    },
    {
      "bets": 232,
      "hits": 7,
      "hit_rate": 3.0172413793103448,
      "roi": 468.75,
      "profit": 85550.0,
      "maxdd": 7000.0,
      "l1": 358.87445887445887,
      "l2": 257.95652173913044,
      "largest": 25850.0,
      "aug_roi": 607.5418994413408,
      "aug_bets": 179,
      "sep_roi": 0.0,
      "sep_bets": 53,
      "sep_l1": 0.0,
      "family": "market_filter",
      "ranks": "9,10",
      "min_odds": 100,
      "max_odds": 200,
      "ev_min": null,
      "ev_max": 6
    },
    {
      "bets": 168,
      "hits": 5,
      "hit_rate": 2.9761904761904763,
      "roi": 466.07142857142856,
      "profit": 61500.0,
      "maxdd": 9100.0,
      "l1": 327.7245508982036,
      "l2": 235.0,
      "largest": 23570.0,
      "aug_roi": 584.3283582089553,
      "aug_bets": 134,
      "sep_roi": 0.0,
      "sep_bets": 34,
      "sep_l1": 0.0,
      "family": "market_filter",
      "ranks": "9,10",
      "min_odds": 100,
      "max_odds": 150,
      "ev_min": null,
      "ev_max": 6
    },
    {
      "bets": 168,
      "hits": 5,
      "hit_rate": 2.9761904761904763,
      "roi": 466.07142857142856,
      "profit": 61500.0,
      "maxdd": 9100.0,
      "l1": 327.7245508982036,
      "l2": 235.0,
      "largest": 23570.0,
      "aug_roi": 584.3283582089553,
      "aug_bets": 134,
      "sep_roi": 0.0,
      "sep_bets": 34,
      "sep_l1": 0.0,
      "family": "market_filter",
      "ranks": "9,10",
      "min_odds": 100,
      "max_odds": 150,
      "ev_min": null,
      "ev_max": 8
    },
    {
      "bets": 168,
      "hits": 5,
      "hit_rate": 2.9761904761904763,
      "roi": 466.07142857142856,
      "profit": 61500.0,
      "maxdd": 9100.0,
      "l1": 327.7245508982036,
      "l2": 235.0,
      "largest": 23570.0,
      "aug_roi": 584.3283582089553,
      "aug_bets": 134,
      "sep_roi": 0.0,
      "sep_bets": 34,
      "sep_l1": 0.0,
      "family": "market_filter",
      "ranks": "9,10",
      "min_odds": 100,
      "max_odds": 150,
      "ev_min": null,
      "ev_max": 10
    },
    {
      "bets": 168,
      "hits": 5,
      "hit_rate": 2.9761904761904763,
      "roi": 466.07142857142856,
      "profit": 61500.0,
      "maxdd": 9100.0,
      "l1": 327.7245508982036,
      "l2": 235.0,
      "largest": 23570.0,
      "aug_roi": 584.3283582089553,
      "aug_bets": 134,
      "sep_roi": 0.0,
      "sep_bets": 34,
      "sep_l1": 0.0,
      "family": "market_filter",
      "ranks": "9,10",
      "min_odds": 100,
      "max_odds": 150,
      "ev_min": null,
      "ev_max": 15
    },
    {
      "bets": 168,
      "hits": 5,
      "hit_rate": 2.9761904761904763,
      "roi": 466.07142857142856,
      "profit": 61500.0,
      "maxdd": 9100.0,
      "l1": 327.7245508982036,
      "l2": 235.0,
      "largest": 23570.0,
      "aug_roi": 584.3283582089553,
      "aug_bets": 134,
      "sep_roi": 0.0,
      "sep_bets": 34,
      "sep_l1": 0.0,
      "family": "market_filter",
      "ranks": "9,10",
      "min_odds": 100,
      "max_odds": 150,
      "ev_min": null,
      "ev_max": 20
    },
    {
      "bets": 168,
      "hits": 5,
      "hit_rate": 2.9761904761904763,
      "roi": 466.07142857142856,
      "profit": 61500.0,
      "maxdd": 9100.0,
      "l1": 327.7245508982036,
      "l2": 235.0,
      "largest": 23570.0,
      "aug_roi": 584.3283582089553,
      "aug_bets": 134,
      "sep_roi": 0.0,
      "sep_bets": 34,
      "sep_l1": 0.0,
      "family": "market_filter",
      "ranks": "9,10",
      "min_odds": 100,
      "max_odds": 150,
      "ev_min": null,
      "ev_max": null
    }
  ]
}
