{
  "target_races": 627,
  "market_rows": 627,
  "eligible_races": 624,
  "fetch_errors": [],
  "frozen_ev125": {
    "bets": 623,
    "hits": 4,
    "hit_rate_pct": 0.6420545746388443,
    "stake": 62300,
    "payout": 22740.0,
    "profit": -39560.0,
    "roi_pct": 36.5008025682183,
    "max_dd": 39560.0,
    "max_losing_streak": 204,
    "l1_roi_pct": 24.19614147909968,
    "l2_roi_pct": 12.157809983896941,
    "largest_payout": 7690.0
  },
  "august": {
    "bets": 480,
    "hits": 4,
    "hit_rate_pct": 0.8333333333333334,
    "stake": 48000,
    "payout": 22740.0,
    "profit": -25260.0,
    "roi_pct": 47.375,
    "max_dd": 29430.0,
    "max_losing_streak": 204,
    "l1_roi_pct": 31.419624217118997,
    "l2_roi_pct": 15.794979079497908,
    "largest_payout": 7690.0
  },
  "sep1_9": {
    "bets": 143,
    "hits": 0,
    "hit_rate_pct": 0.0,
    "stake": 14300,
    "payout": 0,
    "profit": -14300,
    "roi_pct": 0.0,
    "max_dd": 14300,
    "max_losing_streak": 143,
    "l1_roi_pct": 0.0,
    "l2_roi_pct": 0.0,
    "largest_payout": 0
  },
  "threshold_scan": {
    "1.0": {
      "bets": 624,
      "hits": 4,
      "hit_rate_pct": 0.6410256410256411,
      "stake": 62400,
      "payout": 22740.0,
      "profit": -39660.0,
      "roi_pct": 36.44230769230769,
      "max_dd": 39660.0,
      "max_losing_streak": 204,
      "l1_roi_pct": 24.15730337078652,
      "l2_roi_pct": 12.138263665594856,
      "largest_payout": 7690.0
    },
    "1.25": {
      "bets": 623,
      "hits": 4,
      "hit_rate_pct": 0.6420545746388443,
      "stake": 62300,
      "payout": 22740.0,
      "profit": -39560.0,
      "roi_pct": 36.5008025682183,
      "max_dd": 39560.0,
      "max_losing_streak": 204,
      "l1_roi_pct": 24.19614147909968,
      "l2_roi_pct": 12.157809983896941,
      "largest_payout": 7690.0
    },
    "1.5": {
      "bets": 623,
      "hits": 4,
      "hit_rate_pct": 0.6420545746388443,
      "stake": 62300,
      "payout": 22740.0,
      "profit": -39560.0,
      "roi_pct": 36.5008025682183,
      "max_dd": 39560.0,
      "max_losing_streak": 204,
      "l1_roi_pct": 24.19614147909968,
      "l2_roi_pct": 12.157809983896941,
      "largest_payout": 7690.0
    },
    "1.75": {
      "bets": 620,
      "hits": 4,
      "hit_rate_pct": 0.6451612903225806,
      "stake": 62000,
      "payout": 22740.0,
      "profit": -39260.0,
      "roi_pct": 36.67741935483871,
      "max_dd": 39260.0,
      "max_losing_streak": 202,
      "l1_roi_pct": 24.31340872374798,
      "l2_roi_pct": 12.216828478964402,
      "largest_payout": 7690.0
    },
    "2": {
      "bets": 610,
      "hits": 4,
      "hit_rate_pct": 0.6557377049180327,
      "stake": 61000,
      "payout": 22740.0,
      "profit": -38260.0,
      "roi_pct": 37.278688524590166,
      "max_dd": 38260.0,
      "max_losing_streak": 201,
      "l1_roi_pct": 24.71264367816092,
      "l2_roi_pct": 12.417763157894736,
      "largest_payout": 7690.0
    },
    "2.5": {
      "bets": 579,
      "hits": 3,
      "hit_rate_pct": 0.5181347150259067,
      "stake": 57900,
      "payout": 19870.0,
      "profit": -38030.0,
      "roi_pct": 34.317789291882555,
      "max_dd": 38030.0,
      "max_losing_streak": 192,
      "l1_roi_pct": 21.07266435986159,
      "l2_roi_pct": 8.110918544194108,
      "largest_payout": 7690.0
    },
    "3": {
      "bets": 538,
      "hits": 3,
      "hit_rate_pct": 0.5576208178438662,
      "stake": 53800,
      "payout": 19870.0,
      "profit": -33930.0,
      "roi_pct": 36.933085501858734,
      "max_dd": 33930.0,
      "max_losing_streak": 175,
      "l1_roi_pct": 22.681564245810055,
      "l2_roi_pct": 8.73134328358209,
      "largest_payout": 7690.0
    },
    "4": {
      "bets": 441,
      "hits": 1,
      "hit_rate_pct": 0.22675736961451248,
      "stake": 44100,
      "payout": 7500.0,
      "profit": -36600.0,
      "roi_pct": 17.006802721088434,
      "max_dd": 36600.0,
      "max_losing_streak": 292,
      "l1_roi_pct": 0.0,
      "l2_roi_pct": 0.0,
      "largest_payout": 7500.0
    },
    "5": {
      "bets": 350,
      "hits": 0,
      "hit_rate_pct": 0.0,
      "stake": 35000,
      "payout": 0,
      "profit": -35000,
      "roi_pct": 0.0,
      "max_dd": 35000,
      "max_losing_streak": 350,
      "l1_roi_pct": 0.0,
      "l2_roi_pct": 0.0,
      "largest_payout": 0
    },
    "6": {
      "bets": 263,
      "hits": 0,
      "hit_rate_pct": 0.0,
      "stake": 26300,
      "payout": 0,
      "profit": -26300,
      "roi_pct": 0.0,
      "max_dd": 26300,
      "max_losing_streak": 263,
      "l1_roi_pct": 0.0,
      "l2_roi_pct": 0.0,
      "largest_payout": 0
    },
    "8": {
      "bets": 151,
      "hits": 0,
      "hit_rate_pct": 0.0,
      "stake": 15100,
      "payout": 0,
      "profit": -15100,
      "roi_pct": 0.0,
      "max_dd": 15100,
      "max_losing_streak": 151,
      "l1_roi_pct": 0.0,
      "l2_roi_pct": 0.0,
      "largest_payout": 0
    },
    "10": {
      "bets": 84,
      "hits": 0,
      "hit_rate_pct": 0.0,
      "stake": 8400,
      "payout": 0,
      "profit": -8400,
      "roi_pct": 0.0,
      "max_dd": 8400,
      "max_losing_streak": 84,
      "l1_roi_pct": 0.0,
      "l2_roi_pct": 0.0,
      "largest_payout": 0
    }
  },
  "strategy_scan": [
    {
      "bets": 65,
      "hits": 4,
      "hit_rate_pct": 6.153846153846154,
      "stake": 6500,
      "payout": 5930.0,
      "profit": -570.0,
      "roi_pct": 91.23076923076923,
      "max_dd": 2640.0,
      "max_losing_streak": 26,
      "l1_roi_pct": 65.0,
      "l2_roi_pct": 41.42857142857143,
      "largest_payout": 1770.0,
      "rank_cap": 1,
      "odds_cap": 30
    },
    {
      "bets": 163,
      "hits": 7,
      "hit_rate_pct": 4.294478527607362,
      "stake": 16300,
      "payout": 12280.0,
      "profit": -4020.0,
      "roi_pct": 75.33742331288343,
      "max_dd": 7920.0,
      "max_losing_streak": 70,
      "l1_roi_pct": 58.02469135802469,
      "l2_roi_pct": 46.83229813664596,
      "largest_payout": 2880.0,
      "rank_cap": 1,
      "odds_cap": 50
    },
    {
      "bets": 208,
      "hits": 8,
      "hit_rate_pct": 3.8461538461538463,
      "stake": 20800,
      "payout": 17370.0,
      "profit": -3430.0,
      "roi_pct": 83.50961538461539,
      "max_dd": 10490.0,
      "max_losing_streak": 94,
      "l1_roi_pct": 59.32367149758454,
      "l2_roi_pct": 45.63106796116505,
      "largest_payout": 5090.0,
      "rank_cap": 1,
      "odds_cap": 75
    },
    {
      "bets": 232,
      "hits": 8,
      "hit_rate_pct": 3.4482758620689653,
      "stake": 23200,
      "payout": 17370.0,
      "profit": -5830.0,
      "roi_pct": 74.87068965517241,
      "max_dd": 11890.0,
      "max_losing_streak": 104,
      "l1_roi_pct": 53.16017316017316,
      "l2_roi_pct": 40.869565217391305,
      "largest_payout": 5090.0,
      "rank_cap": 1,
      "odds_cap": 100
    },
    {
      "bets": 267,
      "hits": 8,
      "hit_rate_pct": 2.9962546816479403,
      "stake": 26700,
      "payout": 17370.0,
      "profit": -9330.0,
      "roi_pct": 65.0561797752809,
      "max_dd": 14190.0,
      "max_losing_streak": 121,
      "l1_roi_pct": 46.16541353383459,
      "l2_roi_pct": 35.471698113207545,
      "largest_payout": 5090.0,
      "rank_cap": 1,
      "odds_cap": 150
    },
    {
      "bets": 276,
      "hits": 8,
      "hit_rate_pct": 2.898550724637681,
      "stake": 27600,
      "payout": 17370.0,
      "profit": -10230.0,
      "roi_pct": 62.93478260869565,
      "max_dd": 14790.0,
      "max_losing_streak": 126,
      "l1_roi_pct": 44.654545454545456,
      "l2_roi_pct": 34.306569343065696,
      "largest_payout": 5090.0,
      "rank_cap": 1,
      "odds_cap": 200
    },
    {
      "bets": 284,
      "hits": 8,
      "hit_rate_pct": 2.816901408450704,
      "stake": 28400,
      "payout": 17370.0,
      "profit": -11030.0,
      "roi_pct": 61.16197183098591,
      "max_dd": 15400.0,
      "max_losing_streak": 128,
      "l1_roi_pct": 43.3922261484099,
      "l2_roi_pct": 33.333333333333336,
      "largest_payout": 5090.0,
      "rank_cap": 1,
      "odds_cap": 300
    },
    {
      "bets": 295,
      "hits": 8,
      "hit_rate_pct": 2.711864406779661,
      "stake": 29500,
      "payout": 17370.0,
      "profit": -12130.0,
      "roi_pct": 58.88135593220339,
      "max_dd": 16300.0,
      "max_losing_streak": 134,
      "l1_roi_pct": 41.7687074829932,
      "l2_roi_pct": 32.081911262798634,
      "largest_payout": 5090.0,
      "rank_cap": 1,
      "odds_cap": null
    },
    {
      "bets": 145,
      "hits": 7,
      "hit_rate_pct": 4.827586206896552,
      "stake": 14500,
      "payout": 13120.0,
      "profit": -1380.0,
      "roi_pct": 90.48275862068965,
      "max_dd": 3800,
      "max_losing_streak": 38,
      "l1_roi_pct": 72.63888888888889,
      "l2_roi_pct": 54.75524475524475,
      "largest_payout": 2660.0,
      "rank_cap": 3,
      "odds_cap": 30
    },
    {
      "bets": 340,
      "hits": 4,
      "hit_rate_pct": 1.1764705882352942,
      "stake": 34000,
      "payout": 8250.0,
      "profit": -25750.0,
      "roi_pct": 24.264705882352942,
      "max_dd": 25960.0,
      "max_losing_streak": 217,
      "l1_roi_pct": 15.84070796460177,
      "l2_roi_pct": 10.266272189349113,
      "largest_payout": 2880.0,
      "rank_cap": 3,
      "odds_cap": 50
    },
    {
      "bets": 452,
      "hits": 4,
      "hit_rate_pct": 0.8849557522123894,
      "stake": 45200,
      "payout": 16310.0,
      "profit": -28890.0,
      "roi_pct": 36.084070796460175,
      "max_dd": 28890.0,
      "max_losing_streak": 127,
      "l1_roi_pct": 22.70509977827051,
      "l2_roi_pct": 11.444444444444445,
      "largest_payout": 6070.0,
      "rank_cap": 3,
      "odds_cap": 75
    },
    {
      "bets": 506,
      "hits": 2,
      "hit_rate_pct": 0.3952569169960474,
      "stake": 50600,
      "payout": 9320.0,
      "profit": -41280.0,
      "roi_pct": 18.41897233201581,
      "max_dd": 41280.0,
      "max_losing_streak": 198,
      "l1_roi_pct": 6.435643564356436,
      "l2_roi_pct": 0.0,
      "largest_payout": 6070.0,
      "rank_cap": 3,
      "odds_cap": 100
    },
    {
      "bets": 548,
      "hits": 3,
      "hit_rate_pct": 0.5474452554744526,
      "stake": 54800,
      "payout": 19860.0,
      "profit": -34940.0,
      "roi_pct": 36.24087591240876,
      "max_dd": 34940.0,
      "max_losing_streak": 217,
      "l1_roi_pct": 17.038391224862888,
      "l2_roi_pct": 5.9523809523809526,
      "largest_payout": 10540.0,
      "rank_cap": 3,
      "odds_cap": 150
    },
    {
      "bets": 564,
      "hits": 2,
      "hit_rate_pct": 0.3546099290780142,
      "stake": 56400,
      "payout": 9320.0,
      "profit": -47080.0,
      "roi_pct": 16.52482269503546,
      "max_dd": 47080.0,
      "max_losing_streak": 226,
      "l1_roi_pct": 5.772646536412078,
      "l2_roi_pct": 0.0,
      "largest_payout": 6070.0,
      "rank_cap": 3,
      "odds_cap": 200
    },
    {
      "bets": 573,
      "hits": 2,
      "hit_rate_pct": 0.34904013961605584,
      "stake": 57300,
      "payout": 9320.0,
      "profit": -47980.0,
      "roi_pct": 16.2652705061082,
      "max_dd": 47980.0,
      "max_losing_streak": 231,
      "l1_roi_pct": 5.681818181818182,
      "l2_roi_pct": 0.0,
      "largest_payout": 6070.0,
      "rank_cap": 3,
      "odds_cap": 300
    },
    {
      "bets": 577,
      "hits": 2,
      "hit_rate_pct": 0.3466204506065858,
      "stake": 57700,
      "payout": 9320.0,
      "profit": -48380.0,
      "roi_pct": 16.152512998266896,
      "max_dd": 48380.0,
      "max_losing_streak": 233,
      "l1_roi_pct": 5.642361111111111,
      "l2_roi_pct": 0.0,
      "largest_payout": 6070.0,
      "rank_cap": 3,
      "odds_cap": null
    },
    {
      "bets": 172,
      "hits": 9,
      "hit_rate_pct": 5.232558139534884,
      "stake": 17200,
      "payout": 16890.0,
      "profit": -310.0,
      "roi_pct": 98.19767441860465,
      "max_dd": 3230.0,
      "max_losing_streak": 27,
      "l1_roi_pct": 83.21637426900585,
      "l2_roi_pct": 68.23529411764706,
      "largest_payout": 2660.0,
      "rank_cap": 5,
      "odds_cap": 30
    },
    {
      "bets": 416,
      "hits": 9,
      "hit_rate_pct": 2.1634615384615383,
      "stake": 41600,
      "payout": 17540.0,
      "profit": -24060.0,
      "roi_pct": 42.16346153846154,
      "max_dd": 24060.0,
      "max_losing_streak": 141,
      "l1_roi_pct": 35.34939759036145,
      "l2_roi_pct": 29.32367149758454,
      "largest_payout": 2870.0,
      "rank_cap": 5,
      "odds_cap": 50
    },
    {
      "bets": 528,
      "hits": 11,
      "hit_rate_pct": 2.0833333333333335,
      "stake": 52800,
      "payout": 46040.0,
      "profit": -6760.0,
      "roi_pct": 87.1969696969697,
      "max_dd": 14310.0,
      "max_losing_streak": 101,
      "l1_roi_pct": 72.77039848197343,
      "l2_roi_pct": 60.32319391634981,
      "largest_payout": 7690.0,
      "rank_cap": 5,
      "odds_cap": 75
    },
    {
      "bets": 566,
      "hits": 9,
      "hit_rate_pct": 1.5901060070671378,
      "stake": 56600,
      "payout": 39310.0,
      "profit": -17290.0,
      "roi_pct": 69.45229681978799,
      "max_dd": 17830.0,
      "max_losing_streak": 177,
      "l1_roi_pct": 55.9646017699115,
      "l2_roi_pct": 44.326241134751776,
      "largest_payout": 7690.0,
      "rank_cap": 5,
      "odds_cap": 100
    },
    {
      "bets": 599,
      "hits": 9,
      "hit_rate_pct": 1.5025041736227045,
      "stake": 59900,
      "payout": 43230.0,
      "profit": -16670.0,
      "roi_pct": 72.1702838063439,
      "max_dd": 22850.0,
      "max_losing_streak": 158,
      "l1_roi_pct": 54.66555183946488,
      "l2_roi_pct": 41.87604690117253,
      "largest_payout": 10540.0,
      "rank_cap": 5,
      "odds_cap": 150
    },
    {
      "bets": 607,
      "hits": 9,
      "hit_rate_pct": 1.4827018121911038,
      "stake": 60700,
      "payout": 48290.0,
      "profit": -12410.0,
      "roi_pct": 79.55518945634267,
      "max_dd": 23450.0,
      "max_losing_streak": 146,
      "l1_roi_pct": 53.943894389438945,
      "l2_roi_pct": 41.32231404958678,
      "largest_payout": 15600.0,
      "rank_cap": 5,
      "odds_cap": 200
    },
    {
      "bets": 615,
      "hits": 9,
      "hit_rate_pct": 1.4634146341463414,
      "stake": 61500,
      "payout": 48290.0,
      "profit": -13210.0,
      "roi_pct": 78.52032520325203,
      "max_dd": 24050.0,
      "max_losing_streak": 149,
      "l1_roi_pct": 53.241042345276874,
      "l2_roi_pct": 40.783034257748774,
      "largest_payout": 15600.0,
      "rank_cap": 5,
      "odds_cap": 300
    },
    {
      "bets": 616,
      "hits": 10,
      "hit_rate_pct": 1.6233766233766234,
      "stake": 61600,
      "payout": 76890.0,
      "profit": 15290.0,
      "roi_pct": 124.82142857142857,
      "max_dd": 17630.0,
      "max_losing_streak": 130,
      "l1_roi_pct": 78.52032520325203,
      "l2_roi_pct": 53.241042345276874,
      "largest_payout": 28600.0,
      "rank_cap": 5,
      "odds_cap": null
    },
    {
      "bets": 176,
      "hits": 9,
      "hit_rate_pct": 5.113636363636363,
      "stake": 17600,
      "payout": 16890.0,
      "profit": -710.0,
      "roi_pct": 95.9659090909091,
      "max_dd": 3530.0,
      "max_losing_streak": 28,
      "l1_roi_pct": 81.31428571428572,
      "l2_roi_pct": 66.66666666666667,
      "largest_payout": 2660.0,
      "rank_cap": 10,
      "odds_cap": 30
    },
    {
      "bets": 466,
      "hits": 9,
      "hit_rate_pct": 1.9313304721030042,
      "stake": 46600,
      "payout": 21470.0,
      "profit": -25130.0,
      "roi_pct": 46.072961373390555,
      "max_dd": 25130.0,
      "max_losing_streak": 163,
      "l1_roi_pct": 34.75268817204301,
      "l2_roi_pct": 28.642241379310345,
      "largest_payout": 5310.0,
      "rank_cap": 10,
      "odds_cap": 50
    },
    {
      "bets": 565,
      "hits": 10,
      "hit_rate_pct": 1.7699115044247788,
      "stake": 56500,
      "payout": 45410.0,
      "profit": -11090.0,
      "roi_pct": 80.3716814159292,
      "max_dd": 13320.0,
      "max_losing_streak": 105,
      "l1_roi_pct": 66.87943262411348,
      "l2_roi_pct": 55.239786856127886,
      "largest_payout": 7690.0,
      "rank_cap": 10,
      "odds_cap": 75
    },
    {
      "bets": 597,
      "hits": 8,
      "hit_rate_pct": 1.340033500837521,
      "stake": 59700,
      "payout": 44360.0,
      "profit": -15340.0,
      "roi_pct": 74.30485762144053,
      "max_dd": 24470.0,
      "max_losing_streak": 174,
      "l1_roi_pct": 61.52684563758389,
      "l2_roi_pct": 49.49579831932773,
      "largest_payout": 7690.0,
      "rank_cap": 10,
      "odds_cap": 100
    },
    {
      "bets": 620,
      "hits": 7,
      "hit_rate_pct": 1.1290322580645162,
      "stake": 62000,
      "payout": 43390.0,
      "profit": -18610.0,
      "roi_pct": 69.98387096774194,
      "max_dd": 19020.0,
      "max_losing_streak": 165,
      "l1_roi_pct": 53.06946688206785,
      "l2_roi_pct": 40.711974110032365,
      "largest_payout": 10540.0,
      "rank_cap": 10,
      "odds_cap": 150
    },
    {
      "bets": 622,
      "hits": 5,
      "hit_rate_pct": 0.8038585209003215,
      "stake": 62200,
      "payout": 38340.0,
      "profit": -23860.0,
      "roi_pct": 61.639871382636656,
      "max_dd": 32760.0,
      "max_losing_streak": 204,
      "l1_roi_pct": 36.61835748792271,
      "l2_roi_pct": 24.274193548387096,
      "largest_payout": 15600.0,
      "rank_cap": 10,
      "odds_cap": 200
    },
    {
      "bets": 623,
      "hits": 4,
      "hit_rate_pct": 0.6420545746388443,
      "stake": 62300,
      "payout": 22740.0,
      "profit": -39560.0,
      "roi_pct": 36.5008025682183,
      "max_dd": 39560.0,
      "max_losing_streak": 204,
      "l1_roi_pct": 24.19614147909968,
      "l2_roi_pct": 12.157809983896941,
      "largest_payout": 7690.0,
      "rank_cap": 10,
      "odds_cap": 300
    },
    {
      "bets": 623,
      "hits": 4,
      "hit_rate_pct": 0.6420545746388443,
      "stake": 62300,
      "payout": 22740.0,
      "profit": -39560.0,
      "roi_pct": 36.5008025682183,
      "max_dd": 39560.0,
      "max_losing_streak": 204,
      "l1_roi_pct": 24.19614147909968,
      "l2_roi_pct": 12.157809983896941,
      "largest_payout": 7690.0,
      "rank_cap": 10,
      "odds_cap": null
    }
  ]
}
